Sign in request
.
1/1 [==============================] - ETA: 0s1/1 [==============================] - 1s 703ms/step
1/1 [==============================] - ETA: 0s1/1 [==============================] - 0s 326ms/step
